aisleriot
brasero
brasero-cdrkit
brasero-common
brltty
empathy
empathy-common
evolution-data-server
evolution-data-server-common
example-content
firefox
firefox-globalmenu
firefox-gnome-support
firefox-locale-en
firefox-locale-es
firefox-locale-zh-hans
folks-common
guile-1.8-libs
gwibber
gwibber-service
gwibber-service-facebook
gwibber-service-identica
gwibber-service-twitter
libreoffice-base-core
libreoffice-calc
libreoffice-common
libreoffice-core
libreoffice-draw
libreoffice-emailmerge
libreoffice-gnome
libreoffice-gtk
libreoffice-help-en-us
libreoffice-impress
libreoffice-math
libreoffice-style-human
libreoffice-style-tango
libreoffice-writer
mahjongg
onboard
rhythmbox
rhythmbox-data
rhythmbox-mozilla
rhythmbox-plugin-cdrecorder
rhythmbox-plugin-magnatune
rhythmbox-plugin-zeitgeist
rhythmbox-plugins
rhythmbox-ubuntuone
telepathy-gabble
telepathy-haze
telepathy-idle
telepathy-indicator
telepathy-logger
telepathy-mission-control-5
telepathy-salut
thunderbird
thunderbird-globalmenu
thunderbird-gnome-support
toshset
totem
totem-common
totem-mozilla
totem-plugins
transmission-common
transmission-gtk
uno-libs3
xul-ext-ubufox
zenity
zenity-common
